✔ captured native start and terminal capture decode as one last-event lifecycle (4.6433ms)
✔ review mode STATUS keeps the provider-decided default-off source (12.6118ms)
✔ review mode mutations remain clone-scoped and retain their exact operation discriminator (3.0382ms)
✔ review mode rejects a response with a foreign operation discriminator (2.3761ms)
✔ all terminal capture fixtures retain exact, non-interchangeable operation identities (1.8395ms)
✔ native risk evidence derives only published medium and high risk phrases (0.7649ms)
✔ Windows native cwd normalization preserves drive identity without changing POSIX paths (0.453ms)
✖ tests\native-review-parity.test.ts (120700.3437ms)
warning: in the working copy of 'tracked.txt', LF will be replaced by CRLF the next time Git touches it
warning: in the working copy of 'tracked.txt', LF will be replaced by CRLF the next time Git touches it
warning: in the working copy of 'tracked.txt', LF will be replaced by CRLF the next time Git touches it
warning: in the working copy of 'tracked.txt', LF will be replaced by CRLF the next time Git touches it
warning: in the working copy of 'tracked.txt', LF will be replaced by CRLF the next time Git touches it
warning: in the working copy of 'tracked.txt', LF will be replaced by CRLF the next time Git touches it
✖ tests\review-candidate-view.test.ts (120574.8475ms)
warning: in the working copy of 'tracked.txt', LF will be replaced by CRLF the next time Git touches it
warning: in the working copy of 'tracked.txt', LF will be replaced by CRLF the next time Git touches it
✖ tests\review-controller-native-routing.test.ts (120456.4016ms)
warning: in the working copy of 'app.ts', LF will be replaced by CRLF the next time Git touches it
Preparing worktree (new branch 'feat-binding')
warning: in the working copy of 'app.ts', LF will be replaced by CRLF the next time Git touches it
warning: in the working copy of 'app.ts', LF will be replaced by CRLF the next time Git touches it
Preparing worktree (new branch 'feat-candidate')
warning: in the working copy of 'app.ts', LF will be replaced by CRLF the next time Git touches it
✖ tests\review-controller-workspace-root.test.ts (120303.2326ms)
ℹ tests 11
ℹ suites 0
ℹ pass 7
ℹ fail 4
ℹ cancelled 0
ℹ skipped 0
ℹ todo 0
ℹ duration_ms 120709.3068

✖ failing tests:

test at tests\native-review-parity.test.ts:1:1
✖ tests\native-review-parity.test.ts (120700.3437ms)
  'test failed'

test at tests\review-candidate-view.test.ts:1:1
✖ tests\review-candidate-view.test.ts (120574.8475ms)
  'test failed'

test at tests\review-controller-native-routing.test.ts:1:1
✖ tests\review-controller-native-routing.test.ts (120456.4016ms)
  'test failed'

test at tests\review-controller-workspace-root.test.ts:1:1
✖ tests\review-controller-workspace-root.test.ts (120303.2326ms)
  'test failed'
