....................
....................
....................
....................
....................
....................
....................
....................
....................
....................
....................
................X...
....................
....................
....................
....................
....................
..........XXX.......
....X...XXX....X....
....................
X...X...X...........
....................
....................
....................
...X................
.XX.................
....................
..X.................
....................
....................
............XXX.....
....................
................XXX.
....................
